// Jest Snapshot v1, https://goo.gl/fbAQLP

exports[`normal 1`] = `
Object {
  "en": Object {
    "苹果": "apple",
    "西瓜": "西瓜_zh-cn_en",
    "香蕉": "香蕉_zh-cn_en",
  },
  "zh-cn": Object {
    "苹果": "苹果",
    "西瓜": "西瓜",
    "香蕉": "香蕉",
  },
}
`;